env: load .env
env: export EXPO_PUBLIC_APP_NAME EXPO_PUBLIC_ENV EXPO_PUBLIC_API_URL
◇ injected env (0) from .env // tip: ◈ encrypted .env [www.dotenvx.com]
◇ injected env (0) from .env.local // tip: ⌁ auth for agents [www.vestauth.com]

{
  name: [32m'Closing Engage'[39m,
  slug: [32m'closing-engage-mobile'[39m,
  version: [32m'1.0.0'[39m,
  orientation: [32m'portrait'[39m,
  scheme: [32m'closingengage'[39m,
  userInterfaceStyle: [32m'light'[39m,
  newArchEnabled: [33mtrue[39m,
  icon: [32m'./assets/icon.png'[39m,
  plugins: [
    [32m'expo-router'[39m,
    [32m'expo-secure-store'[39m,
    [32m'expo-document-picker'[39m,
    [32m'expo-image-picker'[39m,
    [32m'expo-font'[39m,
    [32m'expo-notifications'[39m
  ],
  description: [90mundefined[39m,
  sdkVersion: [32m'54.0.0'[39m,
  platforms: [
    [32m'ios'[39m,
    [32m'android'[39m,
    [32m'web'[39m
  ],
  splash: {
    image: [32m'./assets/splash-icon.png'[39m,
    resizeMode: [32m'contain'[39m,
    backgroundColor: [32m'#f4f8ff'[39m
  },
  ios: {
    supportsTablet: [33mtrue[39m,
    bundleIdentifier: [32m'com.closingengage.app'[39m,
    infoPlist: {
      NSPhotoLibraryUsageDescription: [32m'Allow access to your photo library so you can upload profile images and documents.'[39m
    }
  },
  android: {
    package: [32m'com.closingengage.app'[39m,
    permissions: [
      [32m'android.permission.INTERNET'[39m,
      [32m'android.permission.VIBRATE'[39m,
      [32m'android.permission.POST_NOTIFICATIONS'[39m,
      [32m'android.permission.RECORD_AUDIO'[39m
    ],
    blockedPermissions: [
      [32m'android.permission.WRITE_EXTERNAL_STORAGE'[39m,
      [32m'android.permission.RECORD_AUDIO'[39m,
      [32m'android.permission.SYSTEM_ALERT_WINDOW'[39m
    ],
    edgeToEdgeEnabled: [33mtrue[39m,
    predictiveBackGestureEnabled: [33mfalse[39m,
    adaptiveIcon: {
      foregroundImage: [32m'./assets/adaptive-icon.png'[39m,
      backgroundColor: [32m'#f4f8ff'[39m
    }
  },
  extra: {
    apiUrl: [32m'http://localhost:8000'[39m,
    environment: [32m'production'[39m,
    eas: {
      projectId: [32m'a646fa7f-28aa-4974-8d2d-69b7eb09fcce'[39m
    },
    router: {}
  },
  _internal: {
    isDebug: [33mfalse[39m,
    projectRoot: [32m'D:\\RAJUAN-PERSONAL\\VSCODE\\closing-engage\\closing-engage-app'[39m,
    dynamicConfigPath: [32m'D:\\RAJUAN-PERSONAL\\VSCODE\\closing-engage\\closing-engage-app\\app.config.ts'[39m,
    packageJsonPath: [32m'D:\\RAJUAN-PERSONAL\\VSCODE\\closing-engage\\closing-engage-app\\package.json'[39m,
    staticConfigPath: {},
    pluginHistory: {
      [32m'expo-secure-store'[39m: {
        name: [32m'expo-secure-store'[39m,
        version: [32m'15.0.8'[39m
      },
      [32m'expo-document-picker'[39m: {
        name: [32m'expo-document-picker'[39m,
        version: [32m'14.0.8'[39m
      },
      [32m'expo-image-picker'[39m: {
        name: [32m'expo-image-picker'[39m,
        version: [32m'17.0.11'[39m
      },
      [32m'expo-font'[39m: {
        name: [32m'expo-font'[39m,
        version: [32m'14.0.11'[39m
      },
      [32m'expo-notifications'[39m: {
        name: [32m'expo-notifications'[39m,
        version: [32m'0.32.17'[39m
      }
    }
  }
}

